// Jest Snapshot v1, https://goo.gl/fbAQLP

exports[`ExpertList component Matches snapshot 1`] = `
<div>
  <div
    data-testid="expert-list"
  />
</div>
`;
